\BOOKMARK [1][-]{section.1}{\376\377\000M\000a\000c\000c\000h\000i\000n\000e\000\040\000d\000i\000\040\000T\000u\000r\000i\000n\000g}{}% 1
\BOOKMARK [2][-]{subsection.1.1}{\376\377\000C\000o\000n\000f\000i\000g\000u\000r\000a\000z\000i\000o\000n\000e}{section.1}% 2
\BOOKMARK [3][-]{subsubsection.1.1.1}{\376\377\000M\000a\000s\000s\000i\000m\000o\000\040\000n\000u\000m\000e\000r\000o\000\040\000d\000i\000\040\000c\000o\000n\000f\000i\000g\000u\000r\000a\000z\000i\000o\000n\000i\000\040\000p\000o\000s\000s\000i\000b\000i\000l\000i}{subsection.1.1}% 3
\BOOKMARK [2][-]{subsection.1.2}{\376\377\000C\000o\000m\000p\000u\000t\000a\000z\000i\000o\000n\000e}{section.1}% 4
\BOOKMARK [3][-]{subsubsection.1.2.1}{\376\377\000C\000o\000m\000p\000u\000t\000a\000z\000i\000o\000n\000e\000\040\000d\000i\000\040\000u\000n\000\040\000s\000i\000n\000g\000o\000l\000o\000\040\000p\000a\000s\000s\000o}{subsection.1.2}% 5
\BOOKMARK [3][-]{subsubsection.1.2.2}{\376\377\000C\000o\000m\000p\000u\000t\000a\000z\000i\000o\000n\000e\000\040\000d\000i\000\040\000t\000\040\000p\000a\000s\000s\000i}{subsection.1.2}% 6
\BOOKMARK [3][-]{subsubsection.1.2.3}{\376\377\000C\000o\000m\000p\000u\000t\000a\000z\000i\000o\000n\000e\000\040\000d\000i\000\040\000u\000n\000\040\000n\000u\000m\000e\000r\000o\000\040\000d\000i\000\040\000p\000a\000s\000s\000i\000\040\000i\000n\000d\000e\000f\000i\000n\000i\000t\000o}{subsection.1.2}% 7
\BOOKMARK [2][-]{subsection.1.3}{\376\377\000O\000u\000t\000p\000u\000t}{section.1}% 8
\BOOKMARK [1][-]{section.2}{\376\377\000L\000i\000n\000g\000u\000a\000g\000g\000i\000\040\000e\000\040\000f\000u\000n\000z\000i\000o\000n\000i}{}% 9
\BOOKMARK [2][-]{subsection.2.1}{\376\377\000L\000i\000n\000g\000u\000a\000g\000g\000i\000\040\000r\000i\000c\000o\000r\000s\000i\000v\000i}{section.2}% 10
\BOOKMARK [2][-]{subsection.2.2}{\376\377\000L\000i\000n\000g\000u\000a\000g\000g\000i\000\040\000r\000i\000c\000o\000r\000s\000i\000v\000a\000m\000e\000n\000t\000e\000\040\000e\000n\000u\000m\000e\000r\000a\000b\000i\000l\000i}{section.2}% 11
\BOOKMARK [2][-]{subsection.2.3}{\376\377\000P\000r\000o\000p\000o\000s\000i\000z\000i\000o\000n\000e\000\040\0002\000.\0001\000:\000\040\000i\000\040\000l\000i\000n\000g\000u\000a\000g\000g\000i\000\040\000r\000i\000c\000o\000r\000s\000i\000v\000i\000\040\000s\000o\000n\000o\000\040\000r\000i\000c\000o\000r\000s\000i\000v\000a\000m\000e\000n\000t\000e\000\040\000e\000n\000u\000m\000e\000r\000a\000b\000i\000l\000i}{section.2}% 12
\BOOKMARK [2][-]{subsection.2.4}{\376\377\000F\000u\000n\000z\000i\000o\000n\000i\000\040\000r\000i\000c\000o\000r\000s\000i\000v\000e}{section.2}% 13
\BOOKMARK [2][-]{subsection.2.5}{\376\377\000F\000u\000n\000z\000i\000o\000n\000i\000\040\000r\000i\000c\000o\000r\000s\000i\000v\000a\000m\000e\000n\000t\000e\000\040\000e\000n\000u\000m\000e\000r\000a\000b\000i\000l\000i}{section.2}% 14
\BOOKMARK [1][-]{section.3}{\376\377\000C\000o\000d\000i\000f\000i\000c\000h\000e\000\040\000r\000a\000g\000i\000o\000n\000e\000v\000o\000l\000i}{}% 15
\BOOKMARK [1][-]{section.4}{\376\377\000T\000e\000m\000p\000o\000\040\000e\000\040\000s\000p\000a\000z\000i\000o}{}% 16
\BOOKMARK [2][-]{subsection.4.1}{\376\377\000C\000o\000m\000p\000l\000e\000s\000s\000i\000t\000\341\000\040\000d\000i\000\040\000t\000e\000m\000p\000o}{section.4}% 17
\BOOKMARK [2][-]{subsection.4.2}{\376\377\000C\000o\000m\000p\000l\000e\000s\000s\000i\000t\000\341\000\040\000d\000i\000\040\000s\000p\000a\000z\000i\000o}{section.4}% 18
\BOOKMARK [3][-]{subsubsection.4.2.1}{\376\377\000M\000a\000c\000c\000h\000i\000n\000e\000\040\000d\000i\000\040\000T\000u\000r\000i\000n\000g\000\040\000c\000o\000n\000\040\000i\000n\000p\000u\000t\000\040\000e\000\040\000o\000u\000t\000p\000u\000t}{subsection.4.2}% 19
\BOOKMARK [3][-]{subsubsection.4.2.2}{\376\377\000T\000e\000o\000r\000e\000m\000a\000:\000\040\000p\000o\000t\000e\000n\000z\000a\000\040\000d\000e\000l\000l\000e\000\040\000M\000d\000T\000\040\000c\000o\000n\000\040\000i\000n\000p\000u\000t\000\040\000e\000\040\000o\000u\000t\000p\000u\000t}{subsection.4.2}% 20
\BOOKMARK [3][-]{subsubsection.4.2.3}{\376\377\000C\000o\000m\000p\000l\000e\000s\000s\000i\000t\000\341\000\040\000d\000i\000\040\000s\000p\000a\000z\000i\000o\000\040\000a\000u\000s\000i\000l\000i\000a\000r\000i\000o\000\040\000n\000e\000l\000l\000e\000\040\000M\000d\000T\000\040\000c\000o\000n\000\040\000i\000n\000p\000u\000t\000\040\000e\000\040\000o\000u\000t\000p\000u\000t}{subsection.4.2}% 21
